-- Automatically generated by SQLQueryTestSuite
-- Number of queries: 10


-- !query 0
CREATE TEMPORARY VIEW t AS SELECT 1.0 as a, 0.0 as b
-- !query 0 schema
struct<>
-- !query 0 output



-- !query 1
select a / b from t
-- !query 1 schema
struct<(CAST(a AS DECIMAL(2,1)) / CAST(b AS DECIMAL(2,1))):decimal(8,6)>
-- !query 1 output
NULL


-- !query 2
select a % b from t
-- !query 2 schema
struct<(CAST(a AS DECIMAL(2,1)) % CAST(b AS DECIMAL(2,1))):decimal(1,1)>
-- !query 2 output
NULL


-- !query 3
select pmod(a, b) from t
-- !query 3 schema
struct<pmod(CAST(a AS DECIMAL(2,1)), CAST(b AS DECIMAL(2,1))):decimal(1,1)>
-- !query 3 output
NULL


-- !query 4
select (5e36 + 0.1) + 5e36
-- !query 4 schema
struct<(CAST((CAST(5E+36 AS DECIMAL(38,1)) + CAST(0.1 AS DECIMAL(38,1))) AS DECIMAL(38,1)) + CAST(5E+36 AS DECIMAL(38,1))):decimal(38,1)>
-- !query 4 output
NULL


-- !query 5
select (-4e36 - 0.1) - 7e36
-- !query 5 schema
struct<(CAST((CAST(-4E+36 AS DECIMAL(38,1)) - CAST(0.1 AS DECIMAL(38,1))) AS DECIMAL(38,1)) - CAST(7E+36 AS DECIMAL(38,1))):decimal(38,1)>
-- !query 5 output
NULL


-- !query 6
select 12345678901234567890.0 * 12345678901234567890.0
-- !query 6 schema
struct<(12345678901234567890.0 * 12345678901234567890.0):decimal(38,2)>
-- !query 6 output
NULL


-- !query 7
select 1e35 / 0.1
-- !query 7 schema
struct<(CAST(1E+35 AS DECIMAL(37,1)) / CAST(0.1 AS DECIMAL(37,1))):decimal(38,3)>
-- !query 7 output
NULL


-- !query 8
select 123456789123456789.1234567890 * 1.123456789123456789
-- !query 8 schema
struct<(CAST(123456789123456789.1234567890 AS DECIMAL(36,18)) * CAST(1.123456789123456789 AS DECIMAL(36,18))):decimal(38,28)>
-- !query 8 output
NULL


-- !query 9
select 0.001 / 9876543210987654321098765432109876543.2
-- !query 9 schema
struct<(CAST(0.001 AS DECIMAL(38,3)) / CAST(9876543210987654321098765432109876543.2 AS DECIMAL(38,3))):decimal(38,37)>
-- !query 9 output
NULL
